0
1
-2
0
1
-2
(1,1)
(1,0)+(1,2)
(1,0)+(1,2)
0
(-1,2)
(-7,8)+((1,2),15)
(3,1)+(((4,4),100),2)
