0
-1
2
0
1
-4
0
1
2
0
1
(-23,8)
(234,13)
(-7,8)+((678,0)+(1,2),15)
(56,0)+(3,1)+(((4,4),100),2)
(6789,0)+(-560,1)+(-607,2)+(583,3)+(-855,4)+(-29,5)+(-106,6)+(634,7)+(832,8)+(701,9)
(-244,0)+(-560,1)+(-607,2)+(583,3)+(-1710,4)+(-29,5)+(-106,6)+(1268,7)+(832,8)+(701,9)
(-588,0)+(-560,1)+(-607,2)+(583,3)+(-855,4)+(-29,5)+(-106,6)+(634,7)+(832,8)+(701,9)
