(-1178,0)+(-1120,1)+(-1214,2)+(1166,3)+(-1710,4)+(-58,5)+(-212,6)+(1268,7)+(1664,8)+(1402,9)
0
(346921,0)+(659680,1)+(1028646,2)+(-6934,3)+(722679,4)+(284000,5)+(1535207,6)+(-1589856,7)+(-864281,8)+(-2601300,9)+(-873823,10)+(-958894,11)+(-630890,12)+(-1381374,13)+(184914,14)+(906364,15)+(1581092,16)+(1166464,17)+(491401,18)
12
